// Vitest Snapshot v1, https://vitest.dev/guide/snapshot.html

exports[`Tooltip > match snapshot 1`] = `
<div>
  <div
    class="tooltip before:shadow before:px-3 before:py-2 before:rounded-lg"
    data-testid="tooltip"
    data-tip="Tooltip displayed text"
  >
    <span>
      Tooltip child
    </span>
  </div>
</div>
`;
