// Vitest Snapshot v1, https://vitest.dev/guide/snapshot.html

exports[`Tab > match snapshot 1`] = `
<div>
  <div
    class="tabs border-slate-200 flex p-1 bg-slate-100 rounded-lg border items-center gap-2 [&_.tab]:rounded-md [&_.tab-active]:text-slate-700 [&_.tab-active]:bg-white [&_.tab-active]:shadow"
    role="tablist"
  >
    <a
      class="tab flex text-slate-500 grow shrink"
      role="tab"
    >
      First
    </a>
    <a
      class="tab flex text-slate-500 grow shrink"
      role="tab"
    >
      Second
    </a>
    <a
      class="tab flex text-slate-500 grow shrink"
      role="tab"
    >
      Third
    </a>
  </div>
</div>
`;
