// Vitest Snapshot v1, https://vitest.dev/guide/snapshot.html

exports[`Toast > match snapshot 1`] = `
<div>
  <div
    class="toast toast-center toast-bottom"
  >
    <div
      class="flex flex-col p-4 bg-white rounded-lg shadow border border-slate-200 max-w-[400px]"
    >
      <div
        class="justify-start items-center gap-4 inline-flex"
      >
        <div
          class="relative"
        >
          <span>
            Icon
          </span>
        </div>
        <div
          class="w-[400px] flex-col justify-start items-start"
        >
          <div
            class="text-slate-900 text-sm font-medium whitespace-normal overflow-auto max-w-[300px]"
          >
            Toast Title
          </div>
        </div>
        <div
          role="button"
        >
          <svg
            class="remixicon fill-slate-400 w-4 h-4"
            fill="default"
            height="24"
            viewBox="0 0 24 24"
            width="24"
            xmlns="http://www.w3.org/2000/svg"
          >
            <path
              d="M11.9997 10.5865L16.9495 5.63672L18.3637 7.05093L13.4139 12.0007L18.3637 16.9504L16.9495 18.3646L11.9997 13.4149L7.04996 18.3646L5.63574 16.9504L10.5855 12.0007L5.63574 7.05093L7.04996 5.63672L11.9997 10.5865Z"
            />
          </svg>
        </div>
      </div>
      <div
        class="pl-4 flex items-start justify-center"
      >
        <div
          class="text-slate-500 text-sm whitespace-normal overflow-auto w-[300px]"
        >
          Text
        </div>
      </div>
    </div>
  </div>
</div>
`;
