// Vitest Snapshot v1, https://vitest.dev/guide/snapshot.html

exports[`Dropdown > match snapshot 1`] = `
<div>
  <div
    class="dropdown"
  >
    <div
      class="btn m-1"
      role="button"
      tabindex="0"
    >
      Button Label
    </div>
    <ul
      class="dropdown-content z-[9999] menu p-2 shadow bg-base-100 rounded-box w-52"
      tabindex="0"
    >
      <li
        class=""
      >
        <a
          class=""
        >
          Test 1
        </a>
      </li>
      <li
        class=""
      >
        <a
          class=""
        >
          <span>
            JSX item
          </span>
        </a>
      </li>
    </ul>
  </div>
</div>
`;
