// Vitest Snapshot v1, https://vitest.dev/guide/snapshot.html

exports[`DateRangeSelect > match snapshot 1`] = `
<div>
  <div
    class="relative w-56"
  >
    <div
      class="absolute top-10 left-0 z-10 bg-white w-[46rem] shadow-lg p-4 border border-slate-200 rounded-lg transition-opacity ease-in-out delay-150 duration-300 opacity-0 hidden"
    >
      <div
        class="flex justify-between"
      >
        <div
          class="rdp-root"
          data-mode="range"
          data-multiple-months="true"
          data-required="true"
        >
          <div
            class="rdp-months"
          >
            <nav
              aria-label=""
              class="rdp-nav"
            >
              <button
                aria-label="Go to the Previous Month"
                class="rdp-button_previous"
                type="button"
              >
                <svg
                  class="fill-blue-500"
                  height="24"
                  viewBox="0 0 24 24"
                  width="24"
                >
                  <polygon
                    points="16 18.112 9.81111111 12 16 5.87733333 14.0888889 4 6 12 14.0888889 20"
                  />
                </svg>
              </button>
              <button
                aria-label="Go to the Next Month"
                class="rdp-button_next"
                type="button"
              >
                <svg
                  class="fill-blue-500"
                  height="24"
                  viewBox="0 0 24 24"
                  width="24"
                >
                  <polygon
                    points="8 18.612 14.1888889 12.5 8 6.37733333 9.91111111 4.5 18 12.5 9.91111111 20.5"
                  />
                </svg>
              </button>
            </nav>
            <div
              class="rdp-month"
            >
              <div
                class="rdp-month_caption"
              >
                <span
                  aria-live="polite"
                  class="rdp-caption_label"
                  role="status"
                >
                  January 2025
                </span>
              </div>
              <table
                aria-label="January 2025"
                aria-multiselectable="true"
                class="rdp-month_grid"
                role="grid"
              >
                <thead
                  aria-hidden="true"
                >
                  <tr
                    class="rdp-weekdays"
                  >
                    <th
                      aria-label="Sunday"
                      class="rdp-weekday"
                      scope="col"
                    >
                      Su
                    </th>
                    <th
                      aria-label="Monday"
                      class="rdp-weekday"
                      scope="col"
                    >
                      Mo
                    </th>
                    <th
                      aria-label="Tuesday"
                      class="rdp-weekday"
                      scope="col"
                    >
                      Tu
                    </th>
                    <th
                      aria-label="Wednesday"
                      class="rdp-weekday"
                      scope="col"
                    >
                      We
                    </th>
                    <th
                      aria-label="Thursday"
                      class="rdp-weekday"
                      scope="col"
                    >
                      Th
                    </th>
                    <th
                      aria-label="Friday"
                      class="rdp-weekday"
                      scope="col"
                    >
                      Fr
                    </th>
                    <th
                      aria-label="Saturday"
                      class="rdp-weekday"
                      scope="col"
                    >
                      Sa
                    </th>
                  </tr>
                </thead>
                <tbody
                  class="rdp-weeks"
                >
                  <tr
                    class="rdp-week"
                  >
                    <td
                      class="p-2 rdp-hidden rdp-outside"
                      data-day="2024-12-29"
                      data-hidden="true"
                      data-month="2024-12"
                      data-outside="true"
                      role="gridcell"
                    />
                    <td
                      class="p-2 rdp-hidden rdp-outside"
                      data-day="2024-12-30"
                      data-hidden="true"
                      data-month="2024-12"
                      data-outside="true"
                      role="gridcell"
                    />
                    <td
                      class="p-2 rdp-hidden rdp-outside"
                      data-day="2024-12-31"
                      data-hidden="true"
                      data-month="2024-12"
                      data-outside="true"
                      role="gridcell"
                    />
                    <td
                      class="p-2"
                      data-day="2025-01-01"
                      role="gridcell"
                    >
                      <button
                        aria-label="Wednesday, January 1st, 2025"
                        class="w-6 h-6 hover:text-blue-500 hover:font-semibold"
                        tabindex="-1"
                        type="button"
                      >
                        1
                      </button>
                    </td>
                    <td
                      class="p-2"
                      data-day="2025-01-02"
                      role="gridcell"
                    >
                      <button
                        aria-label="Thursday, January 2nd, 2025"
                        class="w-6 h-6 hover:text-blue-500 hover:font-semibold"
                        tabindex="-1"
                        type="button"
                      >
                        2
                      </button>
                    </td>
                    <td
                      class="p-2"
                      data-day="2025-01-03"
                      role="gridcell"
                    >
                      <button
                        aria-label="Friday, January 3rd, 2025"
                        class="w-6 h-6 hover:text-blue-500 hover:font-semibold"
                        tabindex="-1"
                        type="button"
                      >
                        3
                      </button>
                    </td>
                    <td
                      class="p-2"
                      data-day="2025-01-04"
                      role="gridcell"
                    >
                      <button
                        aria-label="Saturday, January 4th, 2025"
                        class="w-6 h-6 hover:text-blue-500 hover:font-semibold"
                        tabindex="-1"
                        type="button"
                      >
                        4
                      </button>
                    </td>
                  </tr>
                  <tr
                    class="rdp-week"
                  >
                    <td
                      class="p-2"
                      data-day="2025-01-05"
                      role="gridcell"
                    >
                      <button
                        aria-label="Sunday, January 5th, 2025"
                        class="w-6 h-6 hover:text-blue-500 hover:font-semibold"
                        tabindex="-1"
                        type="button"
                      >
                        5
                      </button>
                    </td>
                    <td
                      aria-selected="true"
                      class="p-2 bg-blue-500 border-blue-500 text-white bg-blue-500 rounded-l-[50%]"
                      data-day="2025-01-06"
                      data-selected="true"
                      role="gridcell"
                    >
                      <button
                        aria-label="Monday, January 6th, 2025, selected"
                        class="w-6 h-6 hover:text-blue-500 hover:font-semibold"
                        tabindex="0"
                        type="button"
                      >
                        6
                      </button>
                    </td>
                    <td
                      aria-selected="true"
                      class="p-2 bg-blue-500 border-blue-500 text-white bg-blue-400"
                      data-day="2025-01-07"
                      data-selected="true"
                      role="gridcell"
                    >
                      <button
                        aria-label="Tuesday, January 7th, 2025, selected"
                        class="w-6 h-6 hover:text-blue-500 hover:font-semibold"
                        tabindex="-1"
                        type="button"
                      >
                        7
                      </button>
                    </td>
                    <td
                      aria-selected="true"
                      class="p-2 bg-blue-500 border-blue-500 text-white bg-blue-400"
                      data-day="2025-01-08"
                      data-selected="true"
                      role="gridcell"
                    >
                      <button
                        aria-label="Wednesday, January 8th, 2025, selected"
                        class="w-6 h-6 hover:text-blue-500 hover:font-semibold"
                        tabindex="-1"
                        type="button"
                      >
                        8
                      </button>
                    </td>
                    <td
                      aria-selected="true"
                      class="p-2 bg-blue-500 border-blue-500 text-white bg-blue-400"
                      data-day="2025-01-09"
                      data-selected="true"
                      role="gridcell"
                    >
                      <button
                        aria-label="Thursday, January 9th, 2025, selected"
                        class="w-6 h-6 hover:text-blue-500 hover:font-semibold"
                        tabindex="-1"
                        type="button"
                      >
                        9
                      </button>
                    </td>
                    <td
                      aria-selected="true"
                      class="p-2 bg-blue-500 border-blue-500 text-white bg-blue-400"
                      data-day="2025-01-10"
                      data-selected="true"
                      role="gridcell"
                    >
                      <button
                        aria-label="Friday, January 10th, 2025, selected"
                        class="w-6 h-6 hover:text-blue-500 hover:font-semibold"
                        tabindex="-1"
                        type="button"
                      >
                        10
                      </button>
                    </td>
                    <td
                      aria-selected="true"
                      class="p-2 bg-blue-500 border-blue-500 text-white bg-blue-400"
                      data-day="2025-01-11"
                      data-selected="true"
                      role="gridcell"
                    >
                      <button
                        aria-label="Saturday, January 11th, 2025, selected"
                        class="w-6 h-6 hover:text-blue-500 hover:font-semibold"
                        tabindex="-1"
                        type="button"
                      >
                        11
                      </button>
                    </td>
                  </tr>
                  <tr
                    class="rdp-week"
                  >
                    <td
                      aria-selected="true"
                      class="p-2 bg-blue-500 border-blue-500 text-white bg-blue-400"
                      data-day="2025-01-12"
                      data-selected="true"
                      role="gridcell"
                    >
                      <button
                        aria-label="Sunday, January 12th, 2025, selected"
                        class="w-6 h-6 hover:text-blue-500 hover:font-semibold"
                        tabindex="-1"
                        type="button"
                      >
                        12
                      </button>
                    </td>
                    <td
                      aria-selected="true"
                      class="p-2 rdp-today text-blue-500 bg-blue-500 border-blue-500 text-white bg-blue-500 rounded-r-[50%]"
                      data-day="2025-01-13"
                      data-selected="true"
                      data-today="true"
                      role="gridcell"
                    >
                      <button
                        aria-label="Today, Monday, January 13th, 2025, selected"
                        class="w-6 h-6 hover:text-blue-500 hover:font-semibold"
                        tabindex="-1"
                        type="button"
                      >
                        13
                      </button>
                    </td>
                    <td
                      class="p-2 rdp-disabled"
                      data-day="2025-01-14"
                      data-disabled="true"
                      role="gridcell"
                    >
                      <button
                        aria-label="Tuesday, January 14th, 2025"
                        class="w-6 h-6 hover:text-blue-500 hover:font-semibold"
                        disabled=""
                        tabindex="-1"
                        type="button"
                      >
                        14
                      </button>
                    </td>
                    <td
                      class="p-2 rdp-disabled"
                      data-day="2025-01-15"
                      data-disabled="true"
                      role="gridcell"
                    >
                      <button
                        aria-label="Wednesday, January 15th, 2025"
                        class="w-6 h-6 hover:text-blue-500 hover:font-semibold"
                        disabled=""
                        tabindex="-1"
                        type="button"
                      >
                        15
                      </button>
                    </td>
                    <td
                      class="p-2 rdp-disabled"
                      data-day="2025-01-16"
                      data-disabled="true"
                      role="gridcell"
                    >
                      <button
                        aria-label="Thursday, January 16th, 2025"
                        class="w-6 h-6 hover:text-blue-500 hover:font-semibold"
                        disabled=""
                        tabindex="-1"
                        type="button"
                      >
                        16
                      </button>
                    </td>
                    <td
                      class="p-2 rdp-disabled"
                      data-day="2025-01-17"
                      data-disabled="true"
                      role="gridcell"
                    >
                      <button
                        aria-label="Friday, January 17th, 2025"
                        class="w-6 h-6 hover:text-blue-500 hover:font-semibold"
                        disabled=""
                        tabindex="-1"
                        type="button"
                      >
                        17
                      </button>
                    </td>
                    <td
                      class="p-2 rdp-disabled"
                      data-day="2025-01-18"
                      data-disabled="true"
                      role="gridcell"
                    >
                      <button
                        aria-label="Saturday, January 18th, 2025"
                        class="w-6 h-6 hover:text-blue-500 hover:font-semibold"
                        disabled=""
                        tabindex="-1"
                        type="button"
                      >
                        18
                      </button>
                    </td>
                  </tr>
                  <tr
                    class="rdp-week"
                  >
                    <td
                      class="p-2 rdp-disabled"
                      data-day="2025-01-19"
                      data-disabled="true"
                      role="gridcell"
                    >
                      <button
                        aria-label="Sunday, January 19th, 2025"
                        class="w-6 h-6 hover:text-blue-500 hover:font-semibold"
                        disabled=""
                        tabindex="-1"
                        type="button"
                      >
                        19
                      </button>
                    </td>
                    <td
                      class="p-2 rdp-disabled"
                      data-day="2025-01-20"
                      data-disabled="true"
                      role="gridcell"
                    >
                      <button
                        aria-label="Monday, January 20th, 2025"
                        class="w-6 h-6 hover:text-blue-500 hover:font-semibold"
                        disabled=""
                        tabindex="-1"
                        type="button"
                      >
                        20
                      </button>
                    </td>
                    <td
                      class="p-2 rdp-disabled"
                      data-day="2025-01-21"
                      data-disabled="true"
                      role="gridcell"
                    >
                      <button
                        aria-label="Tuesday, January 21st, 2025"
                        class="w-6 h-6 hover:text-blue-500 hover:font-semibold"
                        disabled=""
                        tabindex="-1"
                        type="button"
                      >
                        21
                      </button>
                    </td>
                    <td
                      class="p-2 rdp-disabled"
                      data-day="2025-01-22"
                      data-disabled="true"
                      role="gridcell"
                    >
                      <button
                        aria-label="Wednesday, January 22nd, 2025"
                        class="w-6 h-6 hover:text-blue-500 hover:font-semibold"
                        disabled=""
                        tabindex="-1"
                        type="button"
                      >
                        22
                      </button>
                    </td>
                    <td
                      class="p-2 rdp-disabled"
                      data-day="2025-01-23"
                      data-disabled="true"
                      role="gridcell"
                    >
                      <button
                        aria-label="Thursday, January 23rd, 2025"
                        class="w-6 h-6 hover:text-blue-500 hover:font-semibold"
                        disabled=""
                        tabindex="-1"
                        type="button"
                      >
                        23
                      </button>
                    </td>
                    <td
                      class="p-2 rdp-disabled"
                      data-day="2025-01-24"
                      data-disabled="true"
                      role="gridcell"
                    >
                      <button
                        aria-label="Friday, January 24th, 2025"
                        class="w-6 h-6 hover:text-blue-500 hover:font-semibold"
                        disabled=""
                        tabindex="-1"
                        type="button"
                      >
                        24
                      </button>
                    </td>
                    <td
                      class="p-2 rdp-disabled"
                      data-day="2025-01-25"
                      data-disabled="true"
                      role="gridcell"
                    >
                      <button
                        aria-label="Saturday, January 25th, 2025"
                        class="w-6 h-6 hover:text-blue-500 hover:font-semibold"
                        disabled=""
                        tabindex="-1"
                        type="button"
                      >
                        25
                      </button>
                    </td>
                  </tr>
                  <tr
                    class="rdp-week"
                  >
                    <td
                      class="p-2 rdp-disabled"
                      data-day="2025-01-26"
                      data-disabled="true"
                      role="gridcell"
                    >
                      <button
                        aria-label="Sunday, January 26th, 2025"
                        class="w-6 h-6 hover:text-blue-500 hover:font-semibold"
                        disabled=""
                        tabindex="-1"
                        type="button"
                      >
                        26
                      </button>
                    </td>
                    <td
                      class="p-2 rdp-disabled"
                      data-day="2025-01-27"
                      data-disabled="true"
                      role="gridcell"
                    >
                      <button
                        aria-label="Monday, January 27th, 2025"
                        class="w-6 h-6 hover:text-blue-500 hover:font-semibold"
                        disabled=""
                        tabindex="-1"
                        type="button"
                      >
                        27
                      </button>
                    </td>
                    <td
                      class="p-2 rdp-disabled"
                      data-day="2025-01-28"
                      data-disabled="true"
                      role="gridcell"
                    >
                      <button
                        aria-label="Tuesday, January 28th, 2025"
                        class="w-6 h-6 hover:text-blue-500 hover:font-semibold"
                        disabled=""
                        tabindex="-1"
                        type="button"
                      >
                        28
                      </button>
                    </td>
                    <td
                      class="p-2 rdp-disabled"
                      data-day="2025-01-29"
                      data-disabled="true"
                      role="gridcell"
                    >
                      <button
                        aria-label="Wednesday, January 29th, 2025"
                        class="w-6 h-6 hover:text-blue-500 hover:font-semibold"
                        disabled=""
                        tabindex="-1"
                        type="button"
                      >
                        29
                      </button>
                    </td>
                    <td
                      class="p-2 rdp-disabled"
                      data-day="2025-01-30"
                      data-disabled="true"
                      role="gridcell"
                    >
                      <button
                        aria-label="Thursday, January 30th, 2025"
                        class="w-6 h-6 hover:text-blue-500 hover:font-semibold"
                        disabled=""
                        tabindex="-1"
                        type="button"
                      >
                        30
                      </button>
                    </td>
                    <td
                      class="p-2 rdp-disabled"
                      data-day="2025-01-31"
                      data-disabled="true"
                      role="gridcell"
                    >
                      <button
                        aria-label="Friday, January 31st, 2025"
                        class="w-6 h-6 hover:text-blue-500 hover:font-semibold"
                        disabled=""
                        tabindex="-1"
                        type="button"
                      >
                        31
                      </button>
                    </td>
                    <td
                      class="p-2 rdp-disabled rdp-hidden rdp-outside"
                      data-day="2025-02-01"
                      data-disabled="true"
                      data-hidden="true"
                      data-month="2025-02"
                      data-outside="true"
                      role="gridcell"
                    />
                  </tr>
                </tbody>
              </table>
            </div>
            <div
              class="rdp-month"
            >
              <div
                class="rdp-month_caption"
              >
                <span
                  aria-live="polite"
                  class="rdp-caption_label"
                  role="status"
                >
                  February 2025
                </span>
              </div>
              <table
                aria-label="February 2025"
                aria-multiselectable="true"
                class="rdp-month_grid"
                role="grid"
              >
                <thead
                  aria-hidden="true"
                >
                  <tr
                    class="rdp-weekdays"
                  >
                    <th
                      aria-label="Sunday"
                      class="rdp-weekday"
                      scope="col"
                    >
                      Su
                    </th>
                    <th
                      aria-label="Monday"
                      class="rdp-weekday"
                      scope="col"
                    >
                      Mo
                    </th>
                    <th
                      aria-label="Tuesday"
                      class="rdp-weekday"
                      scope="col"
                    >
                      Tu
                    </th>
                    <th
                      aria-label="Wednesday"
                      class="rdp-weekday"
                      scope="col"
                    >
                      We
                    </th>
                    <th
                      aria-label="Thursday"
                      class="rdp-weekday"
                      scope="col"
                    >
                      Th
                    </th>
                    <th
                      aria-label="Friday"
                      class="rdp-weekday"
                      scope="col"
                    >
                      Fr
                    </th>
                    <th
                      aria-label="Saturday"
                      class="rdp-weekday"
                      scope="col"
                    >
                      Sa
                    </th>
                  </tr>
                </thead>
                <tbody
                  class="rdp-weeks"
                >
                  <tr
                    class="rdp-week"
                  >
                    <td
                      class="p-2 rdp-disabled rdp-hidden rdp-outside"
                      data-day="2025-01-26"
                      data-disabled="true"
                      data-hidden="true"
                      data-month="2025-01"
                      data-outside="true"
                      role="gridcell"
                    />
                    <td
                      class="p-2 rdp-disabled rdp-hidden rdp-outside"
                      data-day="2025-01-27"
                      data-disabled="true"
                      data-hidden="true"
                      data-month="2025-01"
                      data-outside="true"
                      role="gridcell"
                    />
                    <td
                      class="p-2 rdp-disabled rdp-hidden rdp-outside"
                      data-day="2025-01-28"
                      data-disabled="true"
                      data-hidden="true"
                      data-month="2025-01"
                      data-outside="true"
                      role="gridcell"
                    />
                    <td
                      class="p-2 rdp-disabled rdp-hidden rdp-outside"
                      data-day="2025-01-29"
                      data-disabled="true"
                      data-hidden="true"
                      data-month="2025-01"
                      data-outside="true"
                      role="gridcell"
                    />
                    <td
                      class="p-2 rdp-disabled rdp-hidden rdp-outside"
                      data-day="2025-01-30"
                      data-disabled="true"
                      data-hidden="true"
                      data-month="2025-01"
                      data-outside="true"
                      role="gridcell"
                    />
                    <td
                      class="p-2 rdp-disabled rdp-hidden rdp-outside"
                      data-day="2025-01-31"
                      data-disabled="true"
                      data-hidden="true"
                      data-month="2025-01"
                      data-outside="true"
                      role="gridcell"
                    />
                    <td
                      class="p-2 rdp-disabled"
                      data-day="2025-02-01"
                      data-disabled="true"
                      role="gridcell"
                    >
                      <button
                        aria-label="Saturday, February 1st, 2025"
                        class="w-6 h-6 hover:text-blue-500 hover:font-semibold"
                        disabled=""
                        tabindex="-1"
                        type="button"
                      >
                        1
                      </button>
                    </td>
                  </tr>
                  <tr
                    class="rdp-week"
                  >
                    <td
                      class="p-2 rdp-disabled"
                      data-day="2025-02-02"
                      data-disabled="true"
                      role="gridcell"
                    >
                      <button
                        aria-label="Sunday, February 2nd, 2025"
                        class="w-6 h-6 hover:text-blue-500 hover:font-semibold"
                        disabled=""
                        tabindex="-1"
                        type="button"
                      >
                        2
                      </button>
                    </td>
                    <td
                      class="p-2 rdp-disabled"
                      data-day="2025-02-03"
                      data-disabled="true"
                      role="gridcell"
                    >
                      <button
                        aria-label="Monday, February 3rd, 2025"
                        class="w-6 h-6 hover:text-blue-500 hover:font-semibold"
                        disabled=""
                        tabindex="-1"
                        type="button"
                      >
                        3
                      </button>
                    </td>
                    <td
                      class="p-2 rdp-disabled"
                      data-day="2025-02-04"
                      data-disabled="true"
                      role="gridcell"
                    >
                      <button
                        aria-label="Tuesday, February 4th, 2025"
                        class="w-6 h-6 hover:text-blue-500 hover:font-semibold"
                        disabled=""
                        tabindex="-1"
                        type="button"
                      >
                        4
                      </button>
                    </td>
                    <td
                      class="p-2 rdp-disabled"
                      data-day="2025-02-05"
                      data-disabled="true"
                      role="gridcell"
                    >
                      <button
                        aria-label="Wednesday, February 5th, 2025"
                        class="w-6 h-6 hover:text-blue-500 hover:font-semibold"
                        disabled=""
                        tabindex="-1"
                        type="button"
                      >
                        5
                      </button>
                    </td>
                    <td
                      class="p-2 rdp-disabled"
                      data-day="2025-02-06"
                      data-disabled="true"
                      role="gridcell"
                    >
                      <button
                        aria-label="Thursday, February 6th, 2025"
                        class="w-6 h-6 hover:text-blue-500 hover:font-semibold"
                        disabled=""
                        tabindex="-1"
                        type="button"
                      >
                        6
                      </button>
                    </td>
                    <td
                      class="p-2 rdp-disabled"
                      data-day="2025-02-07"
                      data-disabled="true"
                      role="gridcell"
                    >
                      <button
                        aria-label="Friday, February 7th, 2025"
                        class="w-6 h-6 hover:text-blue-500 hover:font-semibold"
                        disabled=""
                        tabindex="-1"
                        type="button"
                      >
                        7
                      </button>
                    </td>
                    <td
                      class="p-2 rdp-disabled"
                      data-day="2025-02-08"
                      data-disabled="true"
                      role="gridcell"
                    >
                      <button
                        aria-label="Saturday, February 8th, 2025"
                        class="w-6 h-6 hover:text-blue-500 hover:font-semibold"
                        disabled=""
                        tabindex="-1"
                        type="button"
                      >
                        8
                      </button>
                    </td>
                  </tr>
                  <tr
                    class="rdp-week"
                  >
                    <td
                      class="p-2 rdp-disabled"
                      data-day="2025-02-09"
                      data-disabled="true"
                      role="gridcell"
                    >
                      <button
                        aria-label="Sunday, February 9th, 2025"
                        class="w-6 h-6 hover:text-blue-500 hover:font-semibold"
                        disabled=""
                        tabindex="-1"
                        type="button"
                      >
                        9
                      </button>
                    </td>
                    <td
                      class="p-2 rdp-disabled"
                      data-day="2025-02-10"
                      data-disabled="true"
                      role="gridcell"
                    >
                      <button
                        aria-label="Monday, February 10th, 2025"
                        class="w-6 h-6 hover:text-blue-500 hover:font-semibold"
                        disabled=""
                        tabindex="-1"
                        type="button"
                      >
                        10
                      </button>
                    </td>
                    <td
                      class="p-2 rdp-disabled"
                      data-day="2025-02-11"
                      data-disabled="true"
                      role="gridcell"
                    >
                      <button
                        aria-label="Tuesday, February 11th, 2025"
                        class="w-6 h-6 hover:text-blue-500 hover:font-semibold"
                        disabled=""
                        tabindex="-1"
                        type="button"
                      >
                        11
                      </button>
                    </td>
                    <td
                      class="p-2 rdp-disabled"
                      data-day="2025-02-12"
                      data-disabled="true"
                      role="gridcell"
                    >
                      <button
                        aria-label="Wednesday, February 12th, 2025"
                        class="w-6 h-6 hover:text-blue-500 hover:font-semibold"
                        disabled=""
                        tabindex="-1"
                        type="button"
                      >
                        12
                      </button>
                    </td>
                    <td
                      class="p-2 rdp-disabled"
                      data-day="2025-02-13"
                      data-disabled="true"
                      role="gridcell"
                    >
                      <button
                        aria-label="Thursday, February 13th, 2025"
                        class="w-6 h-6 hover:text-blue-500 hover:font-semibold"
                        disabled=""
                        tabindex="-1"
                        type="button"
                      >
                        13
                      </button>
                    </td>
                    <td
                      class="p-2 rdp-disabled"
                      data-day="2025-02-14"
                      data-disabled="true"
                      role="gridcell"
                    >
                      <button
                        aria-label="Friday, February 14th, 2025"
                        class="w-6 h-6 hover:text-blue-500 hover:font-semibold"
                        disabled=""
                        tabindex="-1"
                        type="button"
                      >
                        14
                      </button>
                    </td>
                    <td
                      class="p-2 rdp-disabled"
                      data-day="2025-02-15"
                      data-disabled="true"
                      role="gridcell"
                    >
                      <button
                        aria-label="Saturday, February 15th, 2025"
                        class="w-6 h-6 hover:text-blue-500 hover:font-semibold"
                        disabled=""
                        tabindex="-1"
                        type="button"
                      >
                        15
                      </button>
                    </td>
                  </tr>
                  <tr
                    class="rdp-week"
                  >
                    <td
                      class="p-2 rdp-disabled"
                      data-day="2025-02-16"
                      data-disabled="true"
                      role="gridcell"
                    >
                      <button
                        aria-label="Sunday, February 16th, 2025"
                        class="w-6 h-6 hover:text-blue-500 hover:font-semibold"
                        disabled=""
                        tabindex="-1"
                        type="button"
                      >
                        16
                      </button>
                    </td>
                    <td
                      class="p-2 rdp-disabled"
                      data-day="2025-02-17"
                      data-disabled="true"
                      role="gridcell"
                    >
                      <button
                        aria-label="Monday, February 17th, 2025"
                        class="w-6 h-6 hover:text-blue-500 hover:font-semibold"
                        disabled=""
                        tabindex="-1"
                        type="button"
                      >
                        17
                      </button>
                    </td>
                    <td
                      class="p-2 rdp-disabled"
                      data-day="2025-02-18"
                      data-disabled="true"
                      role="gridcell"
                    >
                      <button
                        aria-label="Tuesday, February 18th, 2025"
                        class="w-6 h-6 hover:text-blue-500 hover:font-semibold"
                        disabled=""
                        tabindex="-1"
                        type="button"
                      >
                        18
                      </button>
                    </td>
                    <td
                      class="p-2 rdp-disabled"
                      data-day="2025-02-19"
                      data-disabled="true"
                      role="gridcell"
                    >
                      <button
                        aria-label="Wednesday, February 19th, 2025"
                        class="w-6 h-6 hover:text-blue-500 hover:font-semibold"
                        disabled=""
                        tabindex="-1"
                        type="button"
                      >
                        19
                      </button>
                    </td>
                    <td
                      class="p-2 rdp-disabled"
                      data-day="2025-02-20"
                      data-disabled="true"
                      role="gridcell"
                    >
                      <button
                        aria-label="Thursday, February 20th, 2025"
                        class="w-6 h-6 hover:text-blue-500 hover:font-semibold"
                        disabled=""
                        tabindex="-1"
                        type="button"
                      >
                        20
                      </button>
                    </td>
                    <td
                      class="p-2 rdp-disabled"
                      data-day="2025-02-21"
                      data-disabled="true"
                      role="gridcell"
                    >
                      <button
                        aria-label="Friday, February 21st, 2025"
                        class="w-6 h-6 hover:text-blue-500 hover:font-semibold"
                        disabled=""
                        tabindex="-1"
                        type="button"
                      >
                        21
                      </button>
                    </td>
                    <td
                      class="p-2 rdp-disabled"
                      data-day="2025-02-22"
                      data-disabled="true"
                      role="gridcell"
                    >
                      <button
                        aria-label="Saturday, February 22nd, 2025"
                        class="w-6 h-6 hover:text-blue-500 hover:font-semibold"
                        disabled=""
                        tabindex="-1"
                        type="button"
                      >
                        22
                      </button>
                    </td>
                  </tr>
                  <tr
                    class="rdp-week"
                  >
                    <td
                      class="p-2 rdp-disabled"
                      data-day="2025-02-23"
                      data-disabled="true"
                      role="gridcell"
                    >
                      <button
                        aria-label="Sunday, February 23rd, 2025"
                        class="w-6 h-6 hover:text-blue-500 hover:font-semibold"
                        disabled=""
                        tabindex="-1"
                        type="button"
                      >
                        23
                      </button>
                    </td>
                    <td
                      class="p-2 rdp-disabled"
                      data-day="2025-02-24"
                      data-disabled="true"
                      role="gridcell"
                    >
                      <button
                        aria-label="Monday, February 24th, 2025"
                        class="w-6 h-6 hover:text-blue-500 hover:font-semibold"
                        disabled=""
                        tabindex="-1"
                        type="button"
                      >
                        24
                      </button>
                    </td>
                    <td
                      class="p-2 rdp-disabled"
                      data-day="2025-02-25"
                      data-disabled="true"
                      role="gridcell"
                    >
                      <button
                        aria-label="Tuesday, February 25th, 2025"
                        class="w-6 h-6 hover:text-blue-500 hover:font-semibold"
                        disabled=""
                        tabindex="-1"
                        type="button"
                      >
                        25
                      </button>
                    </td>
                    <td
                      class="p-2 rdp-disabled"
                      data-day="2025-02-26"
                      data-disabled="true"
                      role="gridcell"
                    >
                      <button
                        aria-label="Wednesday, February 26th, 2025"
                        class="w-6 h-6 hover:text-blue-500 hover:font-semibold"
                        disabled=""
                        tabindex="-1"
                        type="button"
                      >
                        26
                      </button>
                    </td>
                    <td
                      class="p-2 rdp-disabled"
                      data-day="2025-02-27"
                      data-disabled="true"
                      role="gridcell"
                    >
                      <button
                        aria-label="Thursday, February 27th, 2025"
                        class="w-6 h-6 hover:text-blue-500 hover:font-semibold"
                        disabled=""
                        tabindex="-1"
                        type="button"
                      >
                        27
                      </button>
                    </td>
                    <td
                      class="p-2 rdp-disabled"
                      data-day="2025-02-28"
                      data-disabled="true"
                      role="gridcell"
                    >
                      <button
                        aria-label="Friday, February 28th, 2025"
                        class="w-6 h-6 hover:text-blue-500 hover:font-semibold"
                        disabled=""
                        tabindex="-1"
                        type="button"
                      >
                        28
                      </button>
                    </td>
                    <td
                      class="p-2 rdp-disabled rdp-hidden rdp-outside"
                      data-day="2025-03-01"
                      data-disabled="true"
                      data-hidden="true"
                      data-month="2025-03"
                      data-outside="true"
                      role="gridcell"
                    />
                  </tr>
                </tbody>
              </table>
            </div>
          </div>
        </div>
        <div
          class="flex flex-col gap-2 pt-4"
        >
          <span
            class="text-sm text-slate-500"
          >
            Last
          </span>
          <button
            class="btn btn-sm rounded-md px-3.5 py-2 btn-secondary bg-white border-slate-300 hover:bg-slate-100 active:bg-slate-100 disabled:text-slate-200 disabled:border-slate-200 disabled:bg-white text-xs"
          >
            7 days
          </button>
          <button
            class="btn btn-sm rounded-md px-3.5 py-2 btn-secondary bg-white border-slate-300 hover:bg-slate-100 active:bg-slate-100 disabled:text-slate-200 disabled:border-slate-200 disabled:bg-white text-xs"
          >
            30 days
          </button>
          <button
            class="btn btn-sm rounded-md px-3.5 py-2 btn-secondary bg-white border-slate-300 hover:bg-slate-100 active:bg-slate-100 disabled:text-slate-200 disabled:border-slate-200 disabled:bg-white text-xs"
          >
            3 months
          </button>
          <button
            class="btn btn-sm rounded-md px-3.5 py-2 btn-secondary bg-white border-slate-300 hover:bg-slate-100 active:bg-slate-100 disabled:text-slate-200 disabled:border-slate-200 disabled:bg-white text-xs"
          >
            6 months
          </button>
          <button
            class="btn btn-sm rounded-md px-3.5 py-2 btn-secondary bg-white border-slate-300 hover:bg-slate-100 active:bg-slate-100 disabled:text-slate-200 disabled:border-slate-200 disabled:bg-white text-xs"
          >
            This year
          </button>
          <button
            class="btn btn-sm rounded-md px-3.5 py-2 btn-primary hover:bg-blue-800 hover:border-blue-800 active:bg-blue-800 active:border-blue-800 disabled:bg-slate-200 disabled:border-slate-200 disabled:text-white text-xs"
          >
            Apply
          </button>
        </div>
      </div>
    </div>
    <div
      class=""
    >
      <label
        class="form-control w-full flex relative"
      >
        <span
          class="absolute h-[40px] flex items-center left-2.5"
        >
          <svg
            class="remixicon fill-slate-500"
            fill="default"
            height="16"
            viewBox="0 0 24 24"
            width="16"
            xmlns="http://www.w3.org/2000/svg"
          >
            <path
              d="M9 1V3H15V1H17V3H21C21.5523 3 22 3.44772 22 4V20C22 20.5523 21.5523 21 21 21H3C2.44772 21 2 20.5523 2 20V4C2 3.44772 2.44772 3 3 3H7V1H9ZM20 11H4V19H20V11ZM7 5H4V9H20V5H17V7H15V5H9V7H7V5Z"
            />
          </svg>
        </span>
        <input
          class="px-3.5 py-2.5 h-[38px] min-h-[38px] rounded-lg gap-2 w-full text-sm font-normal shadow border border-slate-300 text-black placeholder:text-slate-400 focus:outline-0 focus:border focus:border-blue-500 disabled:bg-slate-50 disabled:text-slate-300 pl-8 cursor-pointer"
          readonly=""
          type="text"
          value="6 Jan, 2025 - 13 Jan, 2025"
        />
      </label>
    </div>
  </div>
</div>
`;
