// Vitest Snapshot v1, https://vitest.dev/guide/snapshot.html

exports[`Drawer > matches snapshot 1`] = `
<div>
  <div
    class="absolute top-0 h-full bg-white transition-all duration-300 ease-in-out right-0 shadow-lg translate-x-0"
    style="width: 460px;"
  >
    <div>
      Drawer Content
    </div>
  </div>
</div>
`;
